../Core/Src/main.c:103:6:DWT_Init	4	static
../Core/Src/main.c:111:6:delay_us	24	static
../Core/Src/main.c:119:6:DHT11_Pin_Output	32	static
../Core/Src/main.c:130:6:DHT11_Pin_Input	32	static
../Core/Src/main.c:140:5:DHT11_WaitForState	16	static
../Core/Src/main.c:151:9:DHT11_Read	32	static
../Core/Src/main.c:192:10:Read_LDR	32	static
../Core/Src/main.c:219:10:Read_Water	32	static
../Core/Src/main.c:246:6:Send_JSON	192	static
../Core/Src/main.c:267:5:main	24	static
../Core/Src/main.c:383:6:SystemClock_Config	88	static
../Core/Src/main.c:430:13:MX_ADC1_Init	24	static
../Core/Src/main.c:482:13:MX_USART1_UART_Init	8	static
../Core/Src/main.c:515:13:MX_USART2_UART_Init	8	static
../Core/Src/main.c:548:13:MX_GPIO_Init	48	static
../Core/Src/main.c:590:6:Error_Handler	4	static,ignoring_inline_asm
